// Jest Snapshot v1, https://goo.gl/fbAQLP

exports[`<App /> renders correctly 1`] = `
<View
  style={
    Object {
      "flex": 1,
    }
  }
>
  <RNCSafeAreaView
    onInsetsChange={[Function]}
    style={
      Object {
        "flex": 1,
      }
    }
  >
    <View
      onLayout={[Function]}
      style={
        Object {
          "flex": 1,
          "overflow": "hidden",
        }
      }
    >
      <View
        pointerEvents="box-none"
        style={
          Object {
            "bottom": 0,
            "left": 0,
            "position": "absolute",
            "right": 0,
            "top": 0,
          }
        }
      >
        <View
          accessibilityElementsHidden={false}
          closing={false}
          gestureVelocityImpact={0.3}
          importantForAccessibility="auto"
          onClose={[Function]}
          onGestureBegin={[Function]}
          onGestureCanceled={[Function]}
          onOpen={[Function]}
          onTransitionStart={[Function]}
          pointerEvents="box-none"
          style={
            Object {
              "bottom": 0,
              "left": 0,
              "position": "absolute",
              "right": 0,
              "top": 0,
            }
          }
          transitionSpec={
            Object {
              "close": Object {
                "animation": "spring",
                "config": Object {
                  "damping": 500,
                  "mass": 3,
                  "overshootClamping": true,
                  "restDisplacementThreshold": 0.01,
                  "restSpeedThreshold": 0.01,
                  "stiffness": 1000,
                },
              },
              "open": Object {
                "animation": "spring",
                "config": Object {
                  "damping": 500,
                  "mass": 3,
                  "overshootClamping": true,
                  "restDisplacementThreshold": 0.01,
                  "restSpeedThreshold": 0.01,
                  "stiffness": 1000,
                },
              },
            }
          }
        >
          <View
            pointerEvents="box-none"
            style={
              Object {
                "flex": 1,
              }
            }
          >
            <View
              collapsable={false}
              onGestureHandlerEvent={[Function]}
              onGestureHandlerStateChange={[Function]}
              style={
                Object {
                  "flex": 1,
                  "transform": Array [
                    Object {
                      "translateX": 0,
                    },
                    Object {
                      "translateX": 0,
                    },
                  ],
                }
              }
            >
              <View
                pointerEvents="none"
                style={
                  Object {
                    "backgroundColor": "#fff",
                    "bottom": 0,
                    "left": 0,
                    "position": "absolute",
                    "shadowColor": "#000",
                    "shadowOffset": Object {
                      "height": 1,
                      "width": -1,
                    },
                    "shadowOpacity": 0.3,
                    "shadowRadius": 5,
                    "top": 0,
                    "width": 3,
                  }
                }
              />
              <View
                style={
                  Array [
                    Object {
                      "flex": 1,
                      "overflow": "hidden",
                    },
                    Array [
                      Object {
                        "backgroundColor": "rgb(242, 242, 242)",
                      },
                      undefined,
                    ],
                  ]
                }
              >
                <View
                  style={
                    Object {
                      "flex": 1,
                      "flexDirection": "column-reverse",
                    }
                  }
                >
                  <View
                    style={
                      Object {
                        "flex": 1,
                      }
                    }
                  >
                    <View
                      style={
                        Array [
                          Object {
                            "flex": 1,
                          },
                          Object {
                            "backgroundColor": "#F3F4FF",
                          },
                          Object {
                            "alignItems": "center",
                            "justifyContent": "center",
                          },
                        ]
                      }
                    >
                      <View
                        style={
                          Object {
                            "alignItems": "center",
                            "width": 240,
                          }
                        }
                      >
                        <View
                          accessible={true}
                          focusable={false}
                          onClick={[Function]}
                          onResponderGrant={[Function]}
                          onResponderMove={[Function]}
                          onResponderRelease={[Function]}
                          onResponderTerminate={[Function]}
                          onResponderTerminationRequest={[Function]}
                          onStartShouldSetResponder={[Function]}
                          style={
                            Object {
                              "transform": Array [
                                Object {
                                  "scale": AnimatedValue {
                                    "animatedStyles": Set {},
                                    "children": Array [],
                                    "done": false,
                                    "lastPosition": 0.8,
                                    "lastTime": undefined,
                                    "lastVelocity": undefined,
                                    "payload": undefined,
                                    "setValue": [Function],
                                    "startPosition": 0.8,
                                    "startTime": 1584648513058,
                                    "value": 1,
                                  },
                                },
                              ],
                            }
                          }
                        >
                          <Image
                            source={1}
                            style={
                              Object {
                                "height": 150,
                                "marginBottom": 20,
                                "width": 150,
                              }
                            }
                          />
                        </View>
                        <Text
                          inverted={false}
                          style={
                            Array [
                              Object {
                                "color": "#000",
                              },
                              Object {
                                "fontSize": 24,
                                "fontWeight": "bold",
                                "marginBottom": 40,
                                "textAlign": "center",
                              },
                            ]
                          }
                        >
                          Welcome to the Trivia Challenge!
                        </Text>
                        <Text
                          inverted={false}
                          style={
                            Array [
                              Object {
                                "color": "#000",
                              },
                              Object {
                                "fontSize": 18,
                                "marginBottom": 20,
                                "textAlign": "center",
                              },
                            ]
                          }
                        >
                          You will be presented with 10 True or False questions.
                        </Text>
                        <Text
                          inverted={false}
                          style={
                            Array [
                              Object {
                                "color": "#000",
                              },
                              Object {
                                "fontSize": 18,
                                "marginBottom": 20,
                                "textAlign": "center",
                              },
                            ]
                          }
                        >
                          Can you score 100%?
                        </Text>
                      </View>
                      <View
                        style={
                          Object {
                            "position": "absolute",
                            "right": 20,
                            "top": 60,
                          }
                        }
                      >
                        <View
                          accessible={true}
                          focusable={true}
                          hitSlop={
                            Object {
                              "bottom": 5,
                              "left": 20,
                              "right": 20,
                              "top": 5,
                            }
                          }
                          onClick={[Function]}
                          onResponderGrant={[Function]}
                          onResponderMove={[Function]}
                          onResponderRelease={[Function]}
                          onResponderTerminate={[Function]}
                          onResponderTerminationRequest={[Function]}
                          onStartShouldSetResponder={[Function]}
                          style={
                            Array [
                              Object {
                                "alignItems": "center",
                                "borderRadius": 5,
                                "height": 50,
                                "justifyContent": "center",
                                "paddingHorizontal": 20,
                              },
                              false,
                              Object {
                                "backgroundColor": "#6D80FB",
                              },
                              Object {
                                "backgroundColor": "#F3F4FF",
                              },
                              false,
                              false,
                              Object {
                                "alignItems": "center",
                                "borderRadius": 20,
                                "height": 40,
                                "justifyContent": "center",
                              },
                              undefined,
                            ]
                          }
                        >
                          <View
                            style={
                              Object {
                                "position": "absolute",
                              }
                            }
                          >
                            <Text />
                          </View>
                        </View>
                      </View>
                      <View
                        style={
                          Object {
                            "bottom": 60,
                            "maxWidth": 500,
                            "position": "absolute",
                            "width": "100%",
                          }
                        }
                      >
                        <View
                          accessible={true}
                          focusable={true}
                          hitSlop={
                            Object {
                              "bottom": 5,
                              "left": 20,
                              "right": 20,
                              "top": 5,
                            }
                          }
                          onClick={[Function]}
                          onResponderGrant={[Function]}
                          onResponderMove={[Function]}
                          onResponderRelease={[Function]}
                          onResponderTerminate={[Function]}
                          onResponderTerminationRequest={[Function]}
                          onStartShouldSetResponder={[Function]}
                          style={
                            Array [
                              Object {
                                "alignItems": "center",
                                "borderRadius": 5,
                                "height": 50,
                                "justifyContent": "center",
                                "paddingHorizontal": 20,
                              },
                              false,
                              Object {
                                "backgroundColor": "#6D80FB",
                              },
                              false,
                              false,
                              false,
                              false,
                              Object {
                                "marginHorizontal": 20,
                              },
                            ]
                          }
                        >
                          <Text
                            inverted={true}
                            style={
                              Array [
                                Object {
                                  "color": "#FFF",
                                },
                                Object {
                                  "fontSize": 18,
                                  "fontWeight": "bold",
                                },
                              ]
                            }
                          >
                            Begin
                          </Text>
                        </View>
                      </View>
                    </View>
                  </View>
                </View>
              </View>
            </View>
          </View>
        </View>
      </View>
    </View>
  </RNCSafeAreaView>
</View>
`;
